// Jest Snapshot v1, https://goo.gl/fbAQLP

exports[`Loader tests should match to snapshot 1`] = `ShallowWrapper {}`;
