// Jest Snapshot v1, https://goo.gl/fbAQLP

exports[`ForecastList tests should match to snapshot 1`] = `ShallowWrapper {}`;
