// Jest Snapshot v1, https://goo.gl/fbAQLP

exports[`Button tests should match to snapshot 1`] = `ShallowWrapper {}`;
