// Jest Snapshot v1, https://goo.gl/fbAQLP

exports[`Error tests should match to snapshot 1`] = `ShallowWrapper {}`;
